--- Input ---
λfoo_20.
  let flds_21 = (force (force sndPair)) (unConstrData foo_20)
  let fA_22 = unIData ((force headList) flds_21)
  let fC_23 = unIData ((force headList) ((force tailList) ((force tailList) flds_21)))
  let fD_24 =
    unIData ((force headList) ((force tailList) ((force tailList) ((force tailList) flds_21))))
  in addInteger fA_22 (addInteger fC_23 fD_24)
--- Optimized ---
λfoo_20.
  let flds_21 = (force (force sndPair)) (unConstrData foo_20)
  let anf_1003 = force headList
  let anf_1006 = force tailList
  let anf_1009 = anf_1006 (anf_1006 flds_21)
  in
    addInteger (unIData (anf_1003 flds_21)) (addInteger (unIData (anf_1003 anf_1009)) (unIData (anf_1003 (anf_1006 anf_1009))))
--- UPLC ---
(lam
  [(lam
      [(lam
          [(lam
              [(lam
                  [[(builtin addInteger) [(builtin unIData) [(var 3) (var 4)]]]
                    [[(builtin addInteger) [(builtin unIData) [(var 3) (var 1)]]]
                      [(builtin unIData) [(var 3) [(var 2) (var 1)]]]]])
                [(var 1) [(var 1) (var 3)]]])
            (force (builtin tailList))])
        (force (builtin headList))])
    [(force (force (builtin sndPair))) [(builtin unConstrData) (var 1)]]])
