--- Input ---
let fac_10 =
  fix fac_10 =
    λn_11.
      let isZero_12 = equalsInteger n_11 0
      in
        force (ifThenElse isZero_12 (delay
          1) (delay
          let n1_13 = subtractInteger n_11 1
          let facN1_14 = fac_10 n1_13
          in multiplyInteger n_11 facN1_14))
in fac_10 10
--- Optimized ---
(fix fac_10 =
  λn_11.
    force (ifThenElse (equalsInteger n_11 0) (delay
      1) (delay multiplyInteger n_11 (fac_10 (subtractInteger n_11 1))))) 10
--- isANF ---
false
