@ uplc
[(lam fac_10 [(var fac_10) (con integer 10)])
  [(lam z [(var z) (var z)])
    (lam s_10000
      (lam n_11
        [(lam isZero_12
            (force
              [[[(builtin ifThenElse) (var isZero_12)] (delay (con integer 1))]
                (delay
                  [(lam n1_13
                      [(lam facN1_14 [[(builtin multiplyInteger) (var n_11)] (var facN1_14)])
                        [(lam v_10001 [[(var s_10000) (var s_10000)] (var v_10001)]) (var n1_13)]])
                    [[(builtin subtractInteger) (var n_11)] (con integer 1)]])]))
          [[(builtin equalsInteger) (var n_11)] (con integer 0)]]))]]
