⚠ [93/346] Replayed Moist.Verified.BetaValueRefines
warning: Moist/Verified/BetaValueRefines.lean:3062:50: unused variable `h_σ`

Note: This linter can be disabled with `set_option linter.unusedVariables false`
warning: Moist/Verified/BetaValueRefines.lean:4466:5: unused variable `h`

Note: This linter can be disabled with `set_option linter.unusedVariables false`
warning: Moist/Verified/BetaValueRefines.lean:4487:5: unused variable `h`

Note: This linter can be disabled with `set_option linter.unusedVariables false`
warning: Moist/Verified/BetaValueRefines.lean:4494:5: unused variable `h`

Note: This linter can be disabled with `set_option linter.unusedVariables false`
warning: Moist/Verified/BetaValueRefines.lean:4496:22: unused variable `hlen`

Note: This linter can be disabled with `set_option linter.unusedVariables false`
ℹ [231/346] Replayed Moist.Plutus.Encode
info: Moist/Plutus/Encode.lean:82:0: "000000010000001001101000011010010000000000000001"
info: Moist/Plutus/Encode.lean:348:0: "0500023371C911071A5F783625EE8C004838B40181"
ℹ [274/346] Replayed Moist.Plutus.Decode
info: Moist/Plutus/Decode.lean:407:0: Moist.Plutus.Term.Program.Program
  Version 1.0.0
  (Moist.Plutus.Term.Term.Constant
    (Moist.Plutus.Term.Const.ConstList
       [Moist.Plutus.Term.Const.ConstList [Moist.Plutus.Term.Const.Integer 0],
        Moist.Plutus.Term.Const.ConstList
          [Moist.Plutus.Term.Const.Integer 0, Moist.Plutus.Term.Const.Integer 1, Moist.Plutus.Term.Const.Integer 2],
        Moist.Plutus.Term.Const.ConstList
          [Moist.Plutus.Term.Const.Integer 4, Moist.Plutus.Term.Const.Integer 5, Moist.Plutus.Term.Const.Integer 2]],
     Moist.Plutus.Term.BuiltinType.TypeOperator
       (Moist.Plutus.Term.TypeOperator.TypeList
         (Moist.Plutus.Term.BuiltinType.TypeOperator
           (Moist.Plutus.Term.TypeOperator.TypeList (Moist.Plutus.Term.BuiltinType.AtomicType Integer))))))
info: Moist/Plutus/Decode.lean:408:0: Moist.Plutus.Term.Program.Program
  Version 1.0.0
  (Moist.Plutus.Term.Term.Constant
    (Moist.Plutus.Term.Const.ConstList
       [Moist.Plutus.Term.Const.ConstList [Moist.Plutus.Term.Const.Integer 0],
        Moist.Plutus.Term.Const.ConstList
          [Moist.Plutus.Term.Const.Integer 0, Moist.Plutus.Term.Const.Integer 1, Moist.Plutus.Term.Const.Integer 2],
        Moist.Plutus.Term.Const.ConstList
          [Moist.Plutus.Term.Const.Integer 4, Moist.Plutus.Term.Const.Integer 5, Moist.Plutus.Term.Const.Integer 2]],
     Moist.Plutus.Term.BuiltinType.TypeOperator
       (Moist.Plutus.Term.TypeOperator.TypeList
         (Moist.Plutus.Term.BuiltinType.TypeOperator
           (Moist.Plutus.Term.TypeOperator.TypeList (Moist.Plutus.Term.BuiltinType.AtomicType Integer))))))
info: Moist/Plutus/Decode.lean:409:0: "0100004BD6F583006010282308854101"
info: Moist/Plutus/Decode.lean:410:0: true
info: Moist/Plutus/Decode.lean:412:0: false
ℹ [325/346] Replayed Test.MIR.Opt.AdvancedAxioms
info: Test/MIR/Opt/AdvancedAxioms.lean:3:0: 'Moist.Verified.AdvancedRedexes.force_case_delay' depends on axioms: [propext, Quot.sound]
info: Test/MIR/Opt/AdvancedAxioms.lean:4:0: 'Moist.Verified.AdvancedRedexes.boolean_choice' depends on axioms: [propext, Quot.sound]
info: Test/MIR/Opt/AdvancedAxioms.lean:5:0: 'Moist.Verified.AdvancedRedexes.list_cons_fusion' depends on axioms: [propext, Quot.sound]
info: Test/MIR/Opt/AdvancedAxioms.lean:6:0: 'Moist.Verified.AdvancedRedexes.list_nil_fusion' depends on axioms: [propext, Quot.sound]
info: Test/MIR/Opt/AdvancedAxioms.lean:7:0: 'Moist.Verified.AdvancedRedexes.pack_three_literal_arguments' depends on axioms: [propext, Quot.sound]
info: Test/MIR/Opt/AdvancedAxioms.lean:8:0: 'Moist.Verified.AdvancedRedexes.fold_binary_builtin' depends on axioms: [propext, Quot.sound]
info: Test/MIR/Opt/AdvancedAxioms.lean:9:0: 'Moist.Verified.AdvancedRedexes.add_integer_zero' depends on axioms: [propext, Quot.sound]
info: Test/MIR/Opt/AdvancedAxioms.lean:10:0: 'Moist.Verified.AdvancedRedexes.multiply_integer_one' depends on axioms: [propext, Quot.sound]
info: Test/MIR/Opt/AdvancedAxioms.lean:11:0: 'Moist.Verified.AdvancedRedexes.checked_integer_round_trip' depends on axioms: [propext, Quot.sound]
info: Test/MIR/Opt/AdvancedAxioms.lean:12:0: 'Moist.Verified.AdvancedRedexes.checked_bytes_round_trip' depends on axioms: [propext, Quot.sound]
info: Test/MIR/Opt/AdvancedAxioms.lean:13:0: 'Moist.Verified.AdvancedRedexes.checked_list_round_trip' depends on axioms: [propext, Quot.sound]
info: Test/MIR/Opt/AdvancedAxioms.lean:14:0: 'Moist.Verified.AdvancedRedexes.checked_map_round_trip' depends on axioms: [propext, Quot.sound]
info: Test/MIR/Opt/AdvancedAxioms.lean:15:0: 'Moist.Verified.AdvancedRedexes.repeated_boolean_case' depends on axioms: [propext, Quot.sound]
info: Test/MIR/Opt/AdvancedAxioms.lean:16:0: 'Moist.Verified.AdvancedRedexes.native_pair_first' depends on axioms: [propext, Quot.sound]
info: Test/MIR/Opt/AdvancedAxioms.lean:17:0: 'Moist.Verified.AdvancedRedexes.native_pair_second' depends on axioms: [propext, Quot.sound]
info: Test/MIR/Opt/AdvancedAxioms.lean:18:0: 'Moist.Verified.AdvancedRedexes.list_choice_cons' depends on axioms: [propext, Quot.sound]
info: Test/MIR/Opt/AdvancedAxioms.lean:19:0: 'Moist.Verified.AdvancedRedexes.list_choice_nil' depends on axioms: [propext, Quot.sound]
info: Test/MIR/Opt/AdvancedAxioms.lean:20:0: 'Moist.Verified.AdvancedRedexes.delayed_data_list_choice' depends on axioms: [propext, Quot.sound]
info: Test/MIR/Opt/AdvancedAxioms.lean:21:0: 'Moist.Verified.AdvancedRedexes.delayed_generic_list_choice' depends on axioms: [propext, Quot.sound]
info: Test/MIR/Opt/AdvancedAxioms.lean:22:0: 'Moist.Verified.AdvancedRedexes.delayed_list_choice_value' depends on axioms: [propext, Quot.sound]
info: Test/MIR/Opt/AdvancedAxioms.lean:23:0: 'Moist.Verified.AdvancedRedexes.checked_nonempty_list_fusion' depends on axioms: [propext, Quot.sound]
✔ [326/346] Built Moist.Verified.InlineSoundness.StrictOcc (8.8s)
✔ [329/346] Built Test.MIR.Opt.StrictFrontier (194ms)
✔ [330/346] Built Moist.Verified.InlineSoundness.SubstCommute (4.8s)
✔ [333/346] Built Moist.Verified.InlineSoundness.OccBridge (7.7s)
✔ [336/346] Built Moist.Verified.InlineSoundness.WellScoped (11s)
⚠ [339/346] Built Moist.Verified.InlineSoundness.Preservation (3.9s)
warning: Moist/Verified/InlineSoundness/Preservation.lean:1088:21: This simp argument is unused:
  StateT.bind

Hint: Omit it from the simp argument list.
  simp only [bind,̵ ̵S̵t̵a̵t̵e̵T̵.̵b̵i̵n̵d̵] at hw

Note: This linter can be disabled with `set_option linter.unusedSimpArgs false`
warning: Moist/Verified/InlineSoundness/Preservation.lean:1578:21: This simp argument is unused:
  StateT.bind

Hint: Omit it from the simp argument list.
  simp only [bind,̵ ̵S̵t̵a̵t̵e̵T̵.̵b̵i̵n̵d̵]

Note: This linter can be disabled with `set_option linter.unusedSimpArgs false`
✔ [342/346] Built Moist.Verified.InlineSoundness (946ms)
✔ [345/346] Built Moist.Verified.VerifiedOptimize (231ms)
ℹ [346/346] Built Test.MIR.Opt.FormalAxioms (3.6s)
info: Test/MIR/Opt/FormalAxioms.lean:34:0: 'Moist.Verified.AdvancedRefinement.finite_join_refines' depends on axioms: [propext, Quot.sound]
info: Test/MIR/Opt/FormalAxioms.lean:35:0: 'Moist.Verified.AdvancedRefinement.contextual_of_uniform_refinement' depends on axioms: [propext,
 Classical.choice,
 Quot.sound]
info: Test/MIR/Opt/FormalAxioms.lean:36:0: 'Moist.Verified.AdvancedRefinement.contextual_of_uniform_join' depends on axioms: [propext,
 Classical.choice,
 Quot.sound]
info: Test/MIR/Opt/FormalAxioms.lean:37:0: 'Moist.Verified.AdvancedRefinement.fold_mkCons_generic_data' depends on axioms: [propext, Classical.choice, Quot.sound]
info: Test/MIR/Opt/FormalAxioms.lean:38:0: 'Moist.Verified.AdvancedRefinement.fold_mkCons_specialized_data' depends on axioms: [propext,
 Classical.choice,
 Quot.sound]
info: Test/MIR/Opt/FormalAxioms.lean:39:0: 'Moist.Verified.AdvancedRefinement.fold_binary_builtin' depends on axioms: [propext, Classical.choice, Quot.sound]
info: Test/MIR/Opt/FormalAxioms.lean:40:0: 'Moist.Verified.AdvancedRefinement.boolean_choice' depends on axioms: [propext, Classical.choice, Quot.sound]
info: Test/MIR/Opt/FormalAxioms.lean:41:0: 'Moist.Verified.AdvancedRefinement.force_case_delay' depends on axioms: [propext, Classical.choice, Quot.sound]
info: Test/MIR/Opt/FormalAxioms.lean:42:0: 'Moist.Verified.AdvancedRefinement.delayed_list_choice_variable' depends on axioms: [propext,
 Classical.choice,
 Quot.sound]
info: Test/MIR/Opt/FormalAxioms.lean:43:0: 'Moist.Verified.InlineSoundness.StrictOcc.same_env_beta_single_obsRefines' depends on axioms: [propext,
 Classical.choice,
 Quot.sound]
info: Test/MIR/Opt/FormalAxioms.lean:44:0: 'Moist.Verified.InlineSoundness.StrictOcc.same_env_beta_multi_obsRefines' depends on axioms: [propext,
 Classical.choice,
 Quot.sound]
info: Test/MIR/Opt/FormalAxioms.lean:45:0: 'Moist.Verified.InlineSoundness.SubstCommute.uplc_beta_single_pure_openRefines' depends on axioms: [propext,
 Classical.choice,
 Quot.sound]
info: Test/MIR/Opt/FormalAxioms.lean:46:0: 'Moist.Verified.InlineSoundness.SubstCommute.uplc_beta_multi_pure_openRefines' depends on axioms: [propext,
 Classical.choice,
 Quot.sound]
info: Test/MIR/Opt/FormalAxioms.lean:47:0: 'Moist.Verified.MIR.anfNormalize_refines' depends on axioms: [propext, Classical.choice, Quot.sound]
info: Test/MIR/Opt/FormalAxioms.lean:48:0: 'Moist.Verified.MIR.dce_refines' depends on axioms: [propext, Classical.choice, Quot.sound]
info: Test/MIR/Opt/FormalAxioms.lean:49:0: 'Moist.Verified.MIR.inline_refines' depends on axioms: [propext,
 Classical.choice,
 Quot.sound,
 Moist.Verified.budget_exhaustion]
info: Test/MIR/Opt/FormalAxioms.lean:50:0: 'Moist.Verified.MIR.verifiedOptimize_refines' depends on axioms: [propext,
 Classical.choice,
 Quot.sound,
 Moist.Verified.budget_exhaustion]
info: Test/MIR/Opt/FormalAxioms.lean:51:0: 'Test.MIR.Opt.BudgetModel.unbounded_budget_exhaustion_is_false' depends on axioms: [propext, Quot.sound]
info: Test/MIR/Opt/FormalAxioms.lean:52:0: 'Test.MIR.Opt.StrictFrontier.strict_occurrence_alone_does_not_refine' depends on axioms: [propext, Quot.sound]
Build completed successfully (346 jobs).
